// Jest Snapshot v1, https://goo.gl/fbAQLP

exports[`Lyrics matches a snapshot 1`] = `
Array [
  <h2>
    Song Title
  </h2>,
  <p />,
]
`;
